---
source: tests/scenarios.rs
expression: snapshot
---
/work                                                                           
..                                                              <UP> ----- --:--
a.txt                                                            11B ----- --:--
b.txt                                                            22B ----- --:--
                                                                                
                                                                                
                                                                                
                                                                                
                                                                                
                                                                                
                                                                                
                                                                                
                                                                                
                                                                                
                                                                                
                                                                                
                                                                                
                                                                                
                                                                                
                                                                                
                                                                                
a.txt   FILE   11B   ----                                                       
Files 2  Dirs 0  Selected 1 / 11B  Free 12.0K  Items 2                          
Enter Open  Backspace Parent  Space Mark  R Refresh  Ctrl+Q Quit                
1Help 2Ren 3View 4Edit 5Copy 6Move 7Dir 8Del 9--- 10MCD 11QCD 12Menu
