---
source: src/ui.rs
expression: "rendered(&basic, 80, 25)"
---
┌ Mdir4 Help ──────────────────────────────────────────────────────────────────┐
│Modes                                 │Git File Markers                       │
│Ctrl+B Amazon Build                   │M Modified   A Added                   │
│Ctrl+G Git Status                     │D Deleted    R Renamed                 │
│Ctrl+F Favorites                      │? Untracked  ! Conflict                │
│Esc Exit mode                         │                                       │
│                                      │Mode Help                              │
│Navigation / Global                   │Each mode shows its commands in the f… │
│Arrows/Pg/Home/End Browse             │                                       │
│Enter Open / Select <UP> Parent       │                                       │
│Space/Ins/Ctrl+A Mark                 │                                       │
│Esc Clear Selection / Quit Confirm    │                                       │
│Ctrl+R Refresh  Ctrl+Shift+S Sort     │                                       │
│Ctrl+H Hidden  Tab View               │                                       │
│F12/Alt+O Settings  Ctrl+Q Quit Now   │                                       │
│Esc or F1 Close Help                  │                                       │
│                                      │                                       │
│                                      │                                       │
│                                      │                                       │
│                                      │                                       │
│                                      │                                       │
│                                      │                                       │
│                                      │                                       │
│                                      │                                       │
└──────────────────────────────────────────────────────────────────────────────┘
